16:31:55 **** Incremental Build of configuration GNU ARM v4.8.3 - Debug for project WeatherBalloon ****
make -j4 all 
Building file: ../src/Scheduler.c
Invoking: GNU ARM C Compiler
arm-none-eabi-gcc -g -gdwarf-2 -mcpu=cortex-m0plus -mthumb '-DEFM32HG322F64=1' -I"C:/Users/Summer/Documents/projects/WeatherBalloon/Firmware/WeatherBalloon/inc" -I"C:/SiliconLabs/SimplicityStudio/v3/developer/sdks/efm32/v2/CMSIS/Include" -I"C:/SiliconLabs/SimplicityStudio/v3/developer/sdks/efm32/v2/kits/SLSTK3400A_EFM32HG/config" -I"C:/SiliconLabs/SimplicityStudio/v3/developer/sdks/efm32/v2/emlib/inc" -I"C:/SiliconLabs/SimplicityStudio/v3/developer/sdks/efm32/v2/kits/common/drivers" -I"C:/SiliconLabs/SimplicityStudio/v3/developer/sdks/efm32/v2/Device/SiliconLabs/EFM32HG/Include" -I"C:/SiliconLabs/SimplicityStudio/v3/developer/sdks/efm32/v2/kits/common/bsp" -O0 -Wall -c -fmessage-length=0 -mno-sched-prolog -fno-builtin -ffunction-sections -fdata-sections -std=c99 -MMD -MP -MF"src/Scheduler.d" -MT"src/Scheduler.o" -o "src/Scheduler.o" "../src/Scheduler.c"
Finished building: ../src/Scheduler.c
 
Building target: WeatherBalloon.axf
Invoking: GNU ARM C Linker
arm-none-eabi-gcc -g -gdwarf-2 -mcpu=cortex-m0plus -mthumb -T "WeatherBalloon.ld" -Xlinker --gc-sections -Xlinker -Map="WeatherBalloon.map" --specs=nano.specs -o WeatherBalloon.axf "./src/InitDevice.o" "./src/Scheduler.o" "./src/main.o" "./emlib/em_cmu.o" "./emlib/em_emu.o" "./emlib/em_gpio.o" "./emlib/em_system.o" "./CMSIS/efm32hg/startup_gcc_efm32hg.o" "./CMSIS/efm32hg/system_efm32hg.o" -Wl,--start-group -lgcc -lc -lnosys -Wl,--end-group
Finished building target: WeatherBalloon.axf
 
Building hex file: WeatherBalloon.hex
arm-none-eabi-objcopy -O ihex "WeatherBalloon.axf" "WeatherBalloon.hex"
 
Building bin file: WeatherBalloon.bin
arm-none-eabi-objcopy -O binary "WeatherBalloon.axf" "WeatherBalloon.bin"
 
Running size tool
arm-none-eabi-size "WeatherBalloon.axf"
   text	   data	    bss	    dec	    hex	filename
    680	    108	     28	    816	    330	WeatherBalloon.axf
 

16:31:57 Build Finished (took 2s.5ms)

